; Image Map File
; created by CRI CD CRAFT VER.2.32
;
; Script file : F:\KATANA\Utl\Dev\CDCraft\frogger2.scr
; Image file  : FROGGER2.CIM

;FAD,   Sector, Byte,      Filename,                          Directory
;----------------------------------------------------------------------
[SDA]
171,    1,      8,         "BIBLIOGR.TXT",                    "\\"
172,    1,      8,         "COPYRIGH.TXT",                    "\\"
173,    6661,   13640332,  "EUROPEWARN.DA",                   "\\"
6834,   1,      8,         "ABSTRACT.TXT",                    "\\"
6835,   16,     32768,     "IP0000.BIN",                      "\\"
6851,   16,     32768,     "IP.BIN",                          "\\"

[HDA]
358836, 10,     18608,     "AUDIO64.DRV",                     "\\"
358846, 257,    524320,    "ARTWORK05.PVR",                   "\\BACKDROPS\\"
359103, 257,    524320,    "ARTWORK01.PVR",                   "\\BACKDROPS\\"
359360, 257,    524320,    "ARTWORK02.PVR",                   "\\BACKDROPS\\"
359617, 257,    524320,    "ARTWORK03.PVR",                   "\\BACKDROPS\\"
359874, 257,    524320,    "ARTWORK04.PVR",                   "\\BACKDROPS\\"
360131, 257,    524320,    "ARTWORK00.PVR",                   "\\BACKDROPS\\"
360388, 257,    524320,    "ARTWORK10.PVR",                   "\\BACKDROPS\\"
360645, 257,    524320,    "ARTWORK07.PVR",                   "\\BACKDROPS\\"
360902, 257,    524320,    "ARTWORK08.PVR",                   "\\BACKDROPS\\"
361159, 257,    524320,    "ARTWORK09.PVR",                   "\\BACKDROPS\\"
361416, 257,    524320,    "ARTWORK06.PVR",                   "\\BACKDROPS\\"
361673, 257,    524320,    "ARTWORK15.PVR",                   "\\BACKDROPS\\"
361930, 257,    524320,    "ARTWORK12.PVR",                   "\\BACKDROPS\\"
362187, 257,    524320,    "ARTWORK13.PVR",                   "\\BACKDROPS\\"
362444, 257,    524320,    "ARTWORK14.PVR",                   "\\BACKDROPS\\"
362701, 257,    524320,    "ARTWORK11.PVR",                   "\\BACKDROPS\\"
362958, 257,    524320,    "ARTWORK21.PVR",                   "\\BACKDROPS\\"
363215, 257,    524320,    "ARTWORK17.PVR",                   "\\BACKDROPS\\"
363472, 257,    524320,    "ARTWORK18.PVR",                   "\\BACKDROPS\\"
363729, 257,    524320,    "ARTWORK19.PVR",                   "\\BACKDROPS\\"
363986, 257,    524320,    "ARTWORK20.PVR",                   "\\BACKDROPS\\"
364243, 257,    524320,    "ARTWORK16.PVR",                   "\\BACKDROPS\\"
364500, 257,    524320,    "SOFDEC.PVR",                      "\\BACKDROPS\\"
364757, 257,    524320,    "LOADING.PVR",                     "\\BACKDROPS\\"
365014, 257,    524320,    "FR2LEGAL.PVR",                    "\\BACKDROPS\\"
365271, 1,      1188,      "RECORD_6_1.KEY",                  "\\DEMOS\\"
365272, 1,      1008,      "RECORD_1_0.KEY",                  "\\DEMOS\\"
365273, 1,      1032,      "RECORD_0_0.KEY",                  "\\DEMOS\\"
365274, 7910,   16199680,  "07S.SFD",                         "\\FMV\\"
373184, 8614,   17641472,  "03S.SFD",                         "\\FMV\\"
381798, 8397,   17197056,  "04S.SFD",                         "\\FMV\\"
390195, 3785,   7751680,   "05S.SFD",                         "\\FMV\\"
393980, 5943,   12171264,  "06S.SFD",                         "\\FMV\\"
399923, 12993,  26609664,  "02S.SFD",                         "\\FMV\\"
412916, 3146,   6443008,   "ATARIS.SFD",                      "\\FMV\\"
416062, 10095,  20674560,  "09S.SFD",                         "\\FMV\\"
426157, 5592,   11452416,  "10S.SFD",                         "\\FMV\\"
431749, 13045,  26716160,  "11S.SFD",                         "\\FMV\\"
444794, 15645,  32040960,  "12S.SFD",                         "\\FMV\\"
460439, 11912,  24395776,  "08S.SFD",                         "\\FMV\\"
472351, 9349,   19146752,  "INTRO.SFD",                       "\\FMV\\"
481700, 2450,   5017600,   "HLOGO.SFD",                       "\\FMV\\"
484150, 1003,   2054144,   "BLITZS.SFD",                      "\\FMV\\"
485153, 257,    524320,    "SMALLFONT.PVR",                   "\\FONTS\\"
485410, 257,    524320,    "FONT.PVR",                        "\\FONTS\\"
485667, 3,      4100,      "SQRTABLE.BIN",                    "\\INCBIN\\"
485670, 5,      8194,      "ACOSTAB.BIN",                     "\\INCBIN\\"
485675, 4547,   9311598,   "TRACK06.ADX",                     "\\MUSIC\\"
490222, 4860,   9952794,   "TRACK02.ADX",                     "\\MUSIC\\"
495082, 4801,   9831834,   "TRACK03.ADX",                     "\\MUSIC\\"
499883, 4382,   8974134,   "TRACK04.ADX",                     "\\MUSIC\\"
504265, 4619,   9459702,   "TRACK05.ADX",                     "\\MUSIC\\"
508884, 3849,   7881966,   "TRACK01.ADX",                     "\\MUSIC\\"
512733, 4022,   8235450,   "TRACK11.ADX",                     "\\MUSIC\\"
516755, 4348,   8903286,   "TRACK08.ADX",                     "\\MUSIC\\"
521103, 224,    458406,    "TRACK09.ADX",                     "\\MUSIC\\"
521327, 146,    297054,    "TRACK10.ADX",                     "\\MUSIC\\"
521473, 4265,   8733582,   "TRACK07.ADX",                     "\\MUSIC\\"
525738, 1,      824,       "LAB.TXT",                         "\\SFX\\"
525739, 1,      969,       "ANCIENTS.TXT",                    "\\SFX\\"
525740, 18,     36512,     "FROGGER.KAT",                     "\\SFX\\"
525758, 1,      151,       "FROGGER.TXT",                     "\\SFX\\"
525759, 147,    299776,    "FRONTEND.KAT",                    "\\SFX\\"
525906, 1,      505,       "FRONTEND.TXT",                    "\\SFX\\"
525907, 142,    289280,    "GARDEN.KAT",                      "\\SFX\\"
526049, 1,      440,       "GARDEN.TXT",                      "\\SFX\\"
526050, 314,    642656,    "HALLOWEEN.KAT",                   "\\SFX\\"
526364, 1,      902,       "HALLOWEEN.TXT",                   "\\SFX\\"
526365, 457,    935072,    "LAB.KAT",                         "\\SFX\\"
526822, 419,    857696,    "ANCIENTS.KAT",                    "\\SFX\\"
527241, 1,      533,       "SUPERRETRO.TXT",                  "\\SFX\\"
527242, 1,      151,       "LILLIE.TXT",                      "\\SFX\\"
527243, 286,    585280,    "MULTI.KAT",                       "\\SFX\\"
527529, 1,      588,       "MULTI.TXT",                       "\\SFX\\"
527530, 18,     36128,     "ROOBIE.KAT",                      "\\SFX\\"
527548, 1,      151,       "ROOBIE.TXT",                      "\\SFX\\"
527549, 272,    555456,    "SPACE.KAT",                       "\\SFX\\"
527821, 1,      789,       "SPACE.TXT",                       "\\SFX\\"
527822, 480,    982400,    "SUB.KAT",                         "\\SFX\\"
528302, 1,      918,       "SUB.TXT",                         "\\SFX\\"
528303, 155,    316672,    "SUPERRETRO.KAT",                  "\\SFX\\"
528458, 18,     36096,     "LILLIE.KAT",                      "\\SFX\\"
528476, 1,      151,       "WART.TXT",                        "\\SFX\\"
528477, 1,      151,       "SWAMPY.TXT",                      "\\SFX\\"
528478, 17,     33024,     "TAD.KAT",                         "\\SFX\\"
528495, 1,      151,       "TAD.TXT",                         "\\SFX\\"
528496, 17,     33088,     "TANK.KAT",                        "\\SFX\\"
528513, 1,      151,       "TANK.TXT",                        "\\SFX\\"
528514, 18,     35648,     "TREEBY.KAT",                      "\\SFX\\"
528532, 1,      151,       "TREEBY.TXT",                      "\\SFX\\"
528533, 17,     34304,     "WART.KAT",                        "\\SFX\\"
528550, 16,     31872,     "SWAMPY.KAT",                      "\\SFX\\"
528566, 109,    221264,    "HALLOWEEN3.STK",                  "\\STAKFILES\\"
528675, 177,    361644,    "ANCIENTS2.STK",                   "\\STAKFILES\\"
528852, 182,    372192,    "ANCIENTS3.STK",                   "\\STAKFILES\\"
529034, 69,     139808,    "ANCIENTSMULTI.STK",               "\\STAKFILES\\"
529103, 65,     131940,    "CITYMULTI.STK",                   "\\STAKFILES\\"
529168, 78,     158104,    "FROGGER.STK",                     "\\STAKFILES\\"
529246, 128,    260268,    "FRONTEND.STK",                    "\\STAKFILES\\"
529374, 115,    234588,    "GARDEN1.STK",                     "\\STAKFILES\\"
529489, 104,    212084,    "GENERIC.STK",                     "\\STAKFILES\\"
529593, 145,    295976,    "HALLOWEEN1.STK",                  "\\STAKFILES\\"
529738, 144,    294432,    "HALLOWEEN2.STK",                  "\\STAKFILES\\"
529882, 177,    360512,    "ANCIENTS1.STK",                   "\\STAKFILES\\"
530059, 26,     52520,     "MTAD.STK",                        "\\STAKFILES\\"
530085, 143,    292788,    "LAB2.STK",                        "\\STAKFILES\\"
530228, 74,     151016,    "LAB3.STK",                        "\\STAKFILES\\"
530302, 17,     34352,     "LABMULTI1.STK",                   "\\STAKFILES\\"
530319, 25,     50056,     "LABMULTI2.STK",                   "\\STAKFILES\\"
530344, 26,     51532,     "LABMULTI3.STK",                   "\\STAKFILES\\"
530370, 85,     172588,    "LILLIE.STK",                      "\\STAKFILES\\"
530455, 26,     52948,     "MFROGGER.STK",                    "\\STAKFILES\\"
530481, 29,     59192,     "MLILLIE.STK",                     "\\STAKFILES\\"
530510, 21,     41396,     "MROOBIE.STK",                     "\\STAKFILES\\"
530531, 14,     27512,     "MSWAMPY.STK",                     "\\STAKFILES\\"
530545, 129,    263564,    "LAB1.STK",                        "\\STAKFILES\\"
530674, 34,     69508,     "RETRO8.STK",                      "\\STAKFILES\\"
530708, 26,     52760,     "MTOAD.STK",                       "\\STAKFILES\\"
530734, 28,     56472,     "MTREEBY.STK",                     "\\STAKFILES\\"
530762, 72,     146620,    "RETRO1.STK",                      "\\STAKFILES\\"
530834, 35,     70824,     "RETRO10.STK",                     "\\STAKFILES\\"
530869, 45,     91216,     "RETRO2.STK",                      "\\STAKFILES\\"
530914, 51,     102896,    "RETRO3.STK",                      "\\STAKFILES\\"
530965, 40,     80172,     "RETRO4.STK",                      "\\STAKFILES\\"
531005, 35,     69988,     "RETRO5.STK",                      "\\STAKFILES\\"
531040, 38,     77748,     "RETRO6.STK",                      "\\STAKFILES\\"
531078, 31,     63104,     "RETRO7.STK",                      "\\STAKFILES\\"
531109, 26,     51644,     "MTANK.STK",                       "\\STAKFILES\\"
531135, 121,    246876,    "SUB3.STK",                        "\\STAKFILES\\"
531256, 34,     69576,     "RETROMULTI1.STK",                 "\\STAKFILES\\"
531290, 31,     61852,     "RETROMULTI2.STK",                 "\\STAKFILES\\"
531321, 50,     101340,    "RETROMULTI3.STK",                 "\\STAKFILES\\"
531371, 34,     67784,     "RETROMULTI4.STK",                 "\\STAKFILES\\"
531405, 57,     115336,    "ROOBIE.STK",                      "\\STAKFILES\\"
531462, 133,    271420,    "SPACE1.STK",                      "\\STAKFILES\\"
531595, 119,    241896,    "SPACE2.STK",                      "\\STAKFILES\\"
531714, 197,    403212,    "SPACE3.STK",                      "\\STAKFILES\\"
531911, 127,    258560,    "SUB1.STK",                        "\\STAKFILES\\"
532038, 131,    267020,    "SUB2.STK",                        "\\STAKFILES\\"
532169, 39,     79688,     "RETRO9.STK",                      "\\STAKFILES\\"
532208, 83,     168048,    "TREEBY.STK",                      "\\STAKFILES\\"
532291, 48,     96972,     "SWAMPY.STK",                      "\\STAKFILES\\"
532339, 77,     156512,    "TAD.STK",                         "\\STAKFILES\\"
532416, 75,     152440,    "TANK.STK",                        "\\STAKFILES\\"
532491, 78,     158168,    "TOAD.STK",                        "\\STAKFILES\\"
532569, 66,     134512,    "TRAINING.STK",                    "\\STAKFILES\\"
532635, 36,     71892,     "SUPER1.STK",                      "\\STAKFILES\\"
532671, 68,     137280,    "RETRO.SPT",                       "\\TEXTURES\\"
532739, 76,     155616,    "CITY.SPT",                        "\\TEXTURES\\"
532815, 65,     131104,    "FROGGER2.PVR",                    "\\TEXTURES\\"
532880, 197,    402492,    "GARDEN.SPT",                      "\\TEXTURES\\"
533077, 3,      4544,      "GARIB.SPT",                       "\\TEXTURES\\"
533080, 233,    475860,    "HALLOWEEN.SPT",                   "\\TEXTURES\\"
533313, 191,    389280,    "LAB.SPT",                         "\\TEXTURES\\"
533504, 7,      12520,     "LANGUAGE.SPT",                    "\\TEXTURES\\"
533511, 3,      5112,      "NEWBABY.SPT",                     "\\TEXTURES\\"
533514, 177,    361140,    "ANCIENTS.SPT",                    "\\TEXTURES\\"
533691, 59,     118816,    "TITLES.SPT",                      "\\TEXTURES\\"
533750, 205,    417840,    "SUB.SPT",                         "\\TEXTURES\\"
533955, 91,     184764,    "SUPER.SPT",                       "\\TEXTURES\\"
534046, 172,    350508,    "SPACE.SPT",                       "\\TEXTURES\\"
534218, 431,    881136,    "HUB.SPT",                         "\\TEXTURES\\"
534649, 257,    524320,    "FR2LEGALEU.PVR",                  "\\BACKDROPS\\"
534906, 257,    524320,    "LOADINGUS.PVR",                   "\\BACKDROPS\\"
535163, 299,    610464,    "GENERIC.SPT",                     "\\TEXTURES\\"
535462, 257,    524320,    "LOADINGEU.PVR",                   "\\BACKDROPS\\"
535719, 34,     67974,     "LANGUAGE.TXT",                    "\\"
542078, 6661,   13640332,  "EUROPEWARN.DA",                   "\\"
548739, 411,    840836,    "1ST_READ.BIN",                    "\\"

; end of file
